../FreeRTOS-Kernel/tasks.c:1622:20:prvCreateTask	48	static
../FreeRTOS-Kernel/tasks.c:1720:16:xTaskCreate	40	static
../FreeRTOS-Kernel/tasks.c:1795:13:prvInitialiseNewTask	40	static,ignoring_inline_asm
../FreeRTOS-Kernel/tasks.c:2021:17:prvAddNewTaskToReadyList	24	static,ignoring_inline_asm
../FreeRTOS-Kernel/tasks.c:2193:10:vTaskDelete	32	static,ignoring_inline_asm
../FreeRTOS-Kernel/tasks.c:2345:16:xTaskDelayUntil	48	static,ignoring_inline_asm
../FreeRTOS-Kernel/tasks.c:2437:10:vTaskDelay	24	static,ignoring_inline_asm
../FreeRTOS-Kernel/tasks.c:2487:16:eTaskGetState	48	static,ignoring_inline_asm
../FreeRTOS-Kernel/tasks.c:2619:17:uxTaskPriorityGet	24	static
../FreeRTOS-Kernel/tasks.c:2645:17:uxTaskPriorityGetFromISR	40	static,ignoring_inline_asm
../FreeRTOS-Kernel/tasks.c:2693:17:uxTaskBasePriorityGet	24	static
../FreeRTOS-Kernel/tasks.c:2719:17:uxTaskBasePriorityGetFromISR	40	static,ignoring_inline_asm
../FreeRTOS-Kernel/tasks.c:2767:10:vTaskPrioritySet	40	static,ignoring_inline_asm
../FreeRTOS-Kernel/tasks.c:3123:10:vTaskSuspend	32	static,ignoring_inline_asm
../FreeRTOS-Kernel/tasks.c:3285:23:prvTaskIsTaskSuspended	32	static,ignoring_inline_asm
../FreeRTOS-Kernel/tasks.c:3355:10:vTaskResume	32	static,ignoring_inline_asm
../FreeRTOS-Kernel/tasks.c:3416:16:xTaskResumeFromISR	48	static,ignoring_inline_asm
../FreeRTOS-Kernel/tasks.c:3513:19:prvCreateIdleTasks	48	static
../FreeRTOS-Kernel/tasks.c:3667:6:vTaskStartScheduler	24	static,ignoring_inline_asm
../FreeRTOS-Kernel/tasks.c:3772:6:vTaskEndScheduler	16	static,ignoring_inline_asm
../FreeRTOS-Kernel/tasks.c:3815:6:vTaskSuspendAll	4	static,ignoring_inline_asm
../FreeRTOS-Kernel/tasks.c:3981:12:xTaskResumeAll	40	static,ignoring_inline_asm
../FreeRTOS-Kernel/tasks.c:4131:12:xTaskGetTickCount	16	static
../FreeRTOS-Kernel/tasks.c:4150:12:xTaskGetTickCountFromISR	16	static
../FreeRTOS-Kernel/tasks.c:4185:13:uxTaskGetNumberOfTasks	4	static
../FreeRTOS-Kernel/tasks.c:4197:8:pcTaskGetName	24	static,ignoring_inline_asm
../FreeRTOS-Kernel/tasks.c:4410:17:uxTaskGetSystemState	32	static
../FreeRTOS-Kernel/tasks.c:4571:12:xTaskCatchUpTicks	24	static,ignoring_inline_asm
../FreeRTOS-Kernel/tasks.c:4695:12:xTaskIncrementTick	48	static,ignoring_inline_asm
../FreeRTOS-Kernel/tasks.c:5077:10:vTaskSwitchContext	32	static,ignoring_inline_asm
../FreeRTOS-Kernel/tasks.c:5264:6:vTaskPlaceOnEventList	24	static,ignoring_inline_asm
../FreeRTOS-Kernel/tasks.c:5293:6:vTaskPlaceOnUnorderedEventList	40	static,ignoring_inline_asm
../FreeRTOS-Kernel/tasks.c:5325:10:vTaskPlaceOnEventListRestricted	32	static,ignoring_inline_asm
../FreeRTOS-Kernel/tasks.c:5362:12:xTaskRemoveFromEventList	48	static,ignoring_inline_asm
../FreeRTOS-Kernel/tasks.c:5455:6:vTaskRemoveFromUnorderedEventList	40	static,ignoring_inline_asm
../FreeRTOS-Kernel/tasks.c:5527:6:vTaskSetTimeOutState	24	static,ignoring_inline_asm
../FreeRTOS-Kernel/tasks.c:5543:6:vTaskInternalSetTimeOutState	16	static
../FreeRTOS-Kernel/tasks.c:5555:12:xTaskCheckForTimeOut	40	static,ignoring_inline_asm
../FreeRTOS-Kernel/tasks.c:5624:6:vTaskMissedYield	4	static
../FreeRTOS-Kernel/tasks.c:5637:17:uxTaskGetTaskNumber	24	static
../FreeRTOS-Kernel/tasks.c:5664:10:vTaskSetTaskNumber	24	static
../FreeRTOS-Kernel/tasks.c:5769:8:prvIdleTask	16	static,ignoring_inline_asm
../FreeRTOS-Kernel/tasks.c:6032:13:prvInitialiseTaskLists	16	static
../FreeRTOS-Kernel/tasks.c:6064:13:prvCheckTasksWaitingTermination	16	static
../FreeRTOS-Kernel/tasks.c:6142:10:vTaskGetInfo	32	static
../FreeRTOS-Kernel/tasks.c:6289:24:prvListTasksWithinSingleList	40	static
../FreeRTOS-Kernel/tasks.c:6328:35:prvTaskCheckFreeStackSpace	24	static
../FreeRTOS-Kernel/tasks.c:6424:17:prvDeleteTCB	16	static
../FreeRTOS-Kernel/tasks.c:6477:13:prvResetNextTaskUnblockTime	4	static
../FreeRTOS-Kernel/tasks.c:6501:22:xTaskGetCurrentTaskHandle	16	static
../FreeRTOS-Kernel/tasks.c:6536:18:xTaskGetCurrentTaskHandleForCore	24	static
../FreeRTOS-Kernel/tasks.c:6561:16:xTaskGetSchedulerState	16	static
../FreeRTOS-Kernel/tasks.c:6601:16:xTaskPriorityInherit	32	static
../FreeRTOS-Kernel/tasks.c:6704:16:xTaskPriorityDisinherit	40	static,ignoring_inline_asm
../FreeRTOS-Kernel/tasks.c:6798:10:vTaskPriorityDisinheritAfterTimeout	48	static,ignoring_inline_asm
../FreeRTOS-Kernel/tasks.c:7590:12:uxTaskResetEventItemValue	16	static
../FreeRTOS-Kernel/tasks.c:7610:18:pvTaskIncrementMutexHeldCount	16	static
../FreeRTOS-Kernel/tasks.c:7635:14:ulTaskGenericNotifyTake	40	static,ignoring_inline_asm
../FreeRTOS-Kernel/tasks.c:7738:16:xTaskGenericNotifyWait	40	static,ignoring_inline_asm
../FreeRTOS-Kernel/tasks.c:7853:16:xTaskGenericNotify	64	static,ignoring_inline_asm
../FreeRTOS-Kernel/tasks.c:7973:16:xTaskGenericNotifyFromISR	80	static,ignoring_inline_asm
../FreeRTOS-Kernel/tasks.c:8155:10:vTaskGenericNotifyGiveFromISR	72	static,ignoring_inline_asm
../FreeRTOS-Kernel/tasks.c:8287:16:xTaskGenericNotifyStateClear	32	static,ignoring_inline_asm
../FreeRTOS-Kernel/tasks.c:8325:14:ulTaskGenericNotifyValueClear	40	static,ignoring_inline_asm
../FreeRTOS-Kernel/tasks.c:8468:13:prvAddCurrentTaskToDelayedList	40	static
../FreeRTOS-Kernel/tasks.c:8698:6:vTaskResetState	16	static
